// Jest Snapshot v1, https://goo.gl/fbAQLP

exports[`<PTag /> should match snapshot 1`] = `
.c0 {
  border-right: 2px solid grey;
  font-size: 20px;
  border-left: 2px solid grey;
  margin: 0 auto;
  max-width: 500px;
  padding: 10px;
  text-align: center;
  color: grey;
  font-family: 'Helvetica Neue',Helvetica,Arial,sans-serif;
  color: #595959;
}

<div
  className="c0"
/>
`;
