// Jest Snapshot v1, https://goo.gl/fbAQLP

exports[` 1`] = `
Object {
  "@@redux-saga/IO": true,
  "SELECT": Object {
    "args": Array [],
    "selector": [Function],
  },
}
`;

exports[` 2`] = `
Object {
  "@@redux-saga/IO": true,
  "SELECT": Object {
    "args": Array [],
    "selector": [Function],
  },
}
`;
