// Jest Snapshot v1, https://goo.gl/fbAQLP

exports[`<Wrapper /> should match snapshot 1`] = `
.c0 {
  margin: 220px auto;
  background: #fff;
  border: 1px solid grey;
}

<section
  className="c0"
/>
`;
