// Jest Snapshot v1, https://goo.gl/fbAQLP

exports[`<Div /> should match snapshot 1`] = `
.c0 {
  display: inline-block;
  width: 250px;
  background: #e7b7d3;
  border: 2px dashed black;
  -webkit-box-pack: justify;
  -webkit-justify-content: space-between;
  -ms-flex-pack: justify;
  justify-content: space-between;
  padding: 10px;
  margin: 10px;
}

<div
  className="c0"
/>
`;
