// Jest Snapshot v1, https://goo.gl/fbAQLP

exports[`<H1 /> should match snapshot 1`] = `
.c0 {
  text-align: center;
  font-family: 'Helvetica Neue',Helvetica,Arial,sans-serif;
  color: black;
  font-size: 50px;
  margin: 0;
}

<h1
  className="c0"
/>
`;
