// Jest Snapshot v1, https://goo.gl/fbAQLP

exports[`<HomePage /> should match snapshot 1`] = `<withReducer(withSaga(Connect(HomePage))) />`;
