// Jest Snapshot v1, https://goo.gl/fbAQLP

exports[`<PTag /> should match snapshot 1`] = `
.c0 {
  text-align: center;
  font-family: 'Helvetica Neue',Helvetica,Arial,sans-serif;
  color: black;
}

<p
  className="c0"
/>
`;
